// Jest Snapshot v1, https://goo.gl/fbAQLP

exports[`renders 1`] = `
<DocumentFragment>
  <div
    class="max-w-sm rounded overflow-hidden shadow-lg"
  >
    <img
      alt="Live in Bali"
      class="w-full h-64"
      src="//placehold.it/128"
    />
    <div
      class="px-6 py-4"
    >
      <div
        class="flex justify-between items-center mb-2"
      >
        <div
          class="font-bold text-xl"
        >
          Live in Bali
        </div>
        <div />
      </div>
      <p
        class="text-gray-700 text-base"
      >
        If you really like beaches you can come here
      </p>
    </div>
    <div
      class="px-6 py-4"
    >
      <span
        class="inline-block bg-gray-300 rounded-full px-3 py-1 text-sm font-semibold text-gray-700 mr-2"
      >
        #sunset
      </span>
      <span
        class="inline-block bg-gray-300 rounded-full px-3 py-1 text-sm font-semibold text-gray-700 mr-2"
      >
        #beach
      </span>
    </div>
  </div>
</DocumentFragment>
`;
